2026-09-06 17:24:19 수집 오류:
Traceback (most recent call last):
  File "C:\Users\COMTREE\Downloads\hangang\scraper\app_gui.py", line 65, in run
    self._cycle()
    ~~~~~~~~~~~^^
  File "C:\Users\COMTREE\Downloads\hangang\scraper\app_gui.py", line 59, in _cycle
    changed = bot.push_if_changed(tx)
  File "C:\Users\COMTREE\Downloads\hangang\scraper\run_local.py", line 205, in push_if_changed
    git("add", "docs/data.json")
    ~~~^^^^^^^^^^^^^^^^^^^^^^^^^
  File "C:\Users\COMTREE\Downloads\hangang\scraper\run_local.py", line 194, in git
    return subprocess.run(["git", *args], cwd=REPO, capture_output=True, text=True)
           ~~~~~~~~~~~~~~^^^^^^^^^^^^^^^^^^^^^^^^^^^^^^^^^^^^^^^^^^^^^^^^^^^^^^^^^^
  File "C:\Users\COMTREE\AppData\Local\Programs\Python\Python314\Lib\subprocess.py", line 555, in run
    with Popen(*popenargs, **kwargs) as process:
         ~~~~~^^^^^^^^^^^^^^^^^^^^^^
  File "C:\Users\COMTREE\AppData\Local\Programs\Python\Python314\Lib\subprocess.py", line 1039, in __init__
    self._execute_child(args, executable, preexec_fn, close_fds,
    ~~~~~~~~~~~~~~~~~~~^^^^^^^^^^^^^^^^^^^^^^^^^^^^^^^^^^^^^^^^^
                        pass_fds, cwd, env,
                        ^^^^^^^^^^^^^^^^^^^
    ...<5 lines>...
                        gid, gids, uid, umask,
                        ^^^^^^^^^^^^^^^^^^^^^^
                        start_new_session, process_group)
                        ^^^^^^^^^^^^^^^^^^^^^^^^^^^^^^^^^
  File "C:\Users\COMTREE\AppData\Local\Programs\Python\Python314\Lib\subprocess.py", line 1553, in _execute_child
    hp, ht, pid, tid = _winapi.CreateProcess(executable, args,
                       ~~~~~~~~~~~~~~~~~~~~~^^^^^^^^^^^^^^^^^^
                             # no special security
                             ^^^^^^^^^^^^^^^^^^^^^
    ...<4 lines>...
                             cwd,
                             ^^^^
                             startupinfo)
                             ^^^^^^^^^^^^
FileNotFoundError: [WinError 2] 지정된 파일을 찾을 수 없습니다

2026-09-06 17:24:29 수집 오류:
Traceback (most recent call last):
  File "C:\Users\COMTREE\Downloads\hangang\scraper\app_gui.py", line 65, in run
    self._cycle()
    ~~~~~~~~~~~^^
  File "C:\Users\COMTREE\Downloads\hangang\scraper\app_gui.py", line 59, in _cycle
    changed = bot.push_if_changed(tx)
  File "C:\Users\COMTREE\Downloads\hangang\scraper\run_local.py", line 205, in push_if_changed
    git("add", "docs/data.json")
    ~~~^^^^^^^^^^^^^^^^^^^^^^^^^
  File "C:\Users\COMTREE\Downloads\hangang\scraper\run_local.py", line 194, in git
    return subprocess.run(["git", *args], cwd=REPO, capture_output=True, text=True)
           ~~~~~~~~~~~~~~^^^^^^^^^^^^^^^^^^^^^^^^^^^^^^^^^^^^^^^^^^^^^^^^^^^^^^^^^^
  File "C:\Users\COMTREE\AppData\Local\Programs\Python\Python314\Lib\subprocess.py", line 555, in run
    with Popen(*popenargs, **kwargs) as process:
         ~~~~~^^^^^^^^^^^^^^^^^^^^^^
  File "C:\Users\COMTREE\AppData\Local\Programs\Python\Python314\Lib\subprocess.py", line 1039, in __init__
    self._execute_child(args, executable, preexec_fn, close_fds,
    ~~~~~~~~~~~~~~~~~~~^^^^^^^^^^^^^^^^^^^^^^^^^^^^^^^^^^^^^^^^^
                        pass_fds, cwd, env,
                        ^^^^^^^^^^^^^^^^^^^
    ...<5 lines>...
                        gid, gids, uid, umask,
                        ^^^^^^^^^^^^^^^^^^^^^^
                        start_new_session, process_group)
                        ^^^^^^^^^^^^^^^^^^^^^^^^^^^^^^^^^
  File "C:\Users\COMTREE\AppData\Local\Programs\Python\Python314\Lib\subprocess.py", line 1553, in _execute_child
    hp, ht, pid, tid = _winapi.CreateProcess(executable, args,
                       ~~~~~~~~~~~~~~~~~~~~~^^^^^^^^^^^^^^^^^^
                             # no special security
                             ^^^^^^^^^^^^^^^^^^^^^
    ...<4 lines>...
                             cwd,
                             ^^^^
                             startupinfo)
                             ^^^^^^^^^^^^
FileNotFoundError: [WinError 2] 지정된 파일을 찾을 수 없습니다

2026-09-07 18:52:10 임포트 실패:
Traceback (most recent call last):
  File "C:\Users\구건모\Downloads\hangang\scraper\app_gui.py", line 24, in <module>
    import webview
ModuleNotFoundError: No module named 'webview'

2026-09-07 18:55:04 수집 오류:
Traceback (most recent call last):
  File "C:\Users\구건모\Downloads\hangang\scraper\app_gui.py", line 65, in run
    self._cycle()
    ~~~~~~~~~~~^^
  File "C:\Users\구건모\Downloads\hangang\scraper\app_gui.py", line 59, in _cycle
    changed = bot.push_if_changed(tx)
  File "C:\Users\구건모\Downloads\hangang\scraper\run_local.py", line 205, in push_if_changed
    git("add", "docs/data.json")
    ~~~^^^^^^^^^^^^^^^^^^^^^^^^^
  File "C:\Users\구건모\Downloads\hangang\scraper\run_local.py", line 194, in git
    return subprocess.run(["git", *args], cwd=REPO, capture_output=True, text=True)
           ~~~~~~~~~~~~~~^^^^^^^^^^^^^^^^^^^^^^^^^^^^^^^^^^^^^^^^^^^^^^^^^^^^^^^^^^
  File "C:\Users\구건모\AppData\Local\Programs\Python\Python314\Lib\subprocess.py", line 555, in run
    with Popen(*popenargs, **kwargs) as process:
         ~~~~~^^^^^^^^^^^^^^^^^^^^^^
  File "C:\Users\구건모\AppData\Local\Programs\Python\Python314\Lib\subprocess.py", line 1039, in __init__
    self._execute_child(args, executable, preexec_fn, close_fds,
    ~~~~~~~~~~~~~~~~~~~^^^^^^^^^^^^^^^^^^^^^^^^^^^^^^^^^^^^^^^^^
                        pass_fds, cwd, env,
                        ^^^^^^^^^^^^^^^^^^^
    ...<5 lines>...
                        gid, gids, uid, umask,
                        ^^^^^^^^^^^^^^^^^^^^^^
                        start_new_session, process_group)
                        ^^^^^^^^^^^^^^^^^^^^^^^^^^^^^^^^^
  File "C:\Users\구건모\AppData\Local\Programs\Python\Python314\Lib\subprocess.py", line 1553, in _execute_child
    hp, ht, pid, tid = _winapi.CreateProcess(executable, args,
                       ~~~~~~~~~~~~~~~~~~~~~^^^^^^^^^^^^^^^^^^
                             # no special security
                             ^^^^^^^^^^^^^^^^^^^^^
    ...<4 lines>...
                             cwd,
                             ^^^^
                             startupinfo)
                             ^^^^^^^^^^^^
FileNotFoundError: [WinError 2] 지정된 파일을 찾을 수 없습니다

2026-09-08 02:12:00 수집 오류:
Traceback (most recent call last):
  File "C:\Users\Administrator\Downloads\자료\hangang\scraper\app_gui.py", line 65, in run
    self._cycle()
    ~~~~~~~~~~~^^
  File "C:\Users\Administrator\Downloads\자료\hangang\scraper\app_gui.py", line 59, in _cycle
    changed = bot.push_if_changed(tx)
  File "C:\Users\Administrator\Downloads\자료\hangang\scraper\run_local.py", line 273, in push_if_changed
    if "nothing to commit" in (c.stdout + c.stderr): return False
                               ~~~~~~~~~^~~~~~~~~~
TypeError: unsupported operand type(s) for +: 'NoneType' and 'str'

